1773904518: Saving in-memory database to /mosquitto/data//mosquitto.db.
1773905082: New connection from ::1:57790 on port 1883.
1773905082: New client connected from ::1:57790 as auto-EE4B43E5-884D-D33C-2399-D0E883713A3F (p2, c1, k60).
1773905101: Client auto-EE4B43E5-884D-D33C-2399-D0E883713A3F disconnected.
1773906318: Saving in-memory database to /mosquitto/data//mosquitto.db.
1773908120: Saving in-memory database to /mosquitto/data//mosquitto.db.
1773910946: Saving in-memory database to /mosquitto/data//mosquitto.db.
1773912747: Saving in-memory database to /mosquitto/data//mosquitto.db.
1773914548: Saving in-memory database to /mosquitto/data//mosquitto.db.
1773916349: Saving in-memory database to /mosquitto/data//mosquitto.db.
1773918150: Saving in-memory database to /mosquitto/data//mosquitto.db.
1773919951: Saving in-memory database to /mosquitto/data//mosquitto.db.
1773921752: Saving in-memory database to /mosquitto/data//mosquitto.db.
1773923553: Saving in-memory database to /mosquitto/data//mosquitto.db.
1773925354: Saving in-memory database to /mosquitto/data//mosquitto.db.
1773927155: Saving in-memory database to /mosquitto/data//mosquitto.db.
1773928956: Saving in-memory database to /mosquitto/data//mosquitto.db.
1773930757: Saving in-memory database to /mosquitto/data//mosquitto.db.
1773932558: Saving in-memory database to /mosquitto/data//mosquitto.db.
1773934359: Saving in-memory database to /mosquitto/data//mosquitto.db.
1773936160: Saving in-memory database to /mosquitto/data//mosquitto.db.
1773937961: Saving in-memory database to /mosquitto/data//mosquitto.db.
1773939762: Saving in-memory database to /mosquitto/data//mosquitto.db.
1773973504: Saving in-memory database to /mosquitto/data//mosquitto.db.
1773975305: Saving in-memory database to /mosquitto/data//mosquitto.db.
1773977106: Saving in-memory database to /mosquitto/data//mosquitto.db.
1773980129: Saving in-memory database to /mosquitto/data//mosquitto.db.
1773983001: Saving in-memory database to /mosquitto/data//mosquitto.db.
1773986110: Saving in-memory database to /mosquitto/data//mosquitto.db.
1773988605: Saving in-memory database to /mosquitto/data//mosquitto.db.
1773990406: Saving in-memory database to /mosquitto/data//mosquitto.db.
1773992660: Saving in-memory database to /mosquitto/data//mosquitto.db.
1773994461: Saving in-memory database to /mosquitto/data//mosquitto.db.
1773996262: Saving in-memory database to /mosquitto/data//mosquitto.db.
1773999513: Saving in-memory database to /mosquitto/data//mosquitto.db.
1774001314: Saving in-memory database to /mosquitto/data//mosquitto.db.
1774003115: Saving in-memory database to /mosquitto/data//mosquitto.db.
1774004916: Saving in-memory database to /mosquitto/data//mosquitto.db.
1774006717: Saving in-memory database to /mosquitto/data//mosquitto.db.
1774008518: Saving in-memory database to /mosquitto/data//mosquitto.db.
1774010319: Saving in-memory database to /mosquitto/data//mosquitto.db.
1774012120: Saving in-memory database to /mosquitto/data//mosquitto.db.
1774013921: Saving in-memory database to /mosquitto/data//mosquitto.db.
1774015722: Saving in-memory database to /mosquitto/data//mosquitto.db.
1774017523: Saving in-memory database to /mosquitto/data//mosquitto.db.
1774019324: Saving in-memory database to /mosquitto/data//mosquitto.db.
1774021125: Saving in-memory database to /mosquitto/data//mosquitto.db.
1774022926: Saving in-memory database to /mosquitto/data//mosquitto.db.
1774024727: Saving in-memory database to /mosquitto/data//mosquitto.db.
1774026528: Saving in-memory database to /mosquitto/data//mosquitto.db.
1774028329: Saving in-memory database to /mosquitto/data//mosquitto.db.
1774060062: Saving in-memory database to /mosquitto/data//mosquitto.db.
1774061863: Saving in-memory database to /mosquitto/data//mosquitto.db.
1774063664: Saving in-memory database to /mosquitto/data//mosquitto.db.
1774068182: Saving in-memory database to /mosquitto/data//mosquitto.db.
1774069989: Saving in-memory database to /mosquitto/data//mosquitto.db.
1774071790: Saving in-memory database to /mosquitto/data//mosquitto.db.
1774073992: Saving in-memory database to /mosquitto/data//mosquitto.db.
1774083817: Saving in-memory database to /mosquitto/data//mosquitto.db.
1774085618: Saving in-memory database to /mosquitto/data//mosquitto.db.
1774087419: Saving in-memory database to /mosquitto/data//mosquitto.db.
1774089220: Saving in-memory database to /mosquitto/data//mosquitto.db.
1774091021: Saving in-memory database to /mosquitto/data//mosquitto.db.
1774092822: Saving in-memory database to /mosquitto/data//mosquitto.db.
1774094623: Saving in-memory database to /mosquitto/data//mosquitto.db.
1774096424: Saving in-memory database to /mosquitto/data//mosquitto.db.
1774098225: Saving in-memory database to /mosquitto/data//mosquitto.db.
1774100026: Saving in-memory database to /mosquitto/data//mosquitto.db.
1774101827: Saving in-memory database to /mosquitto/data//mosquitto.db.
1774103628: Saving in-memory database to /mosquitto/data//mosquitto.db.
1774105429: Saving in-memory database to /mosquitto/data//mosquitto.db.
1774107230: Saving in-memory database to /mosquitto/data//mosquitto.db.
1774109031: Saving in-memory database to /mosquitto/data//mosquitto.db.
1774110832: Saving in-memory database to /mosquitto/data//mosquitto.db.
1774112633: Saving in-memory database to /mosquitto/data//mosquitto.db.
1774114434: Saving in-memory database to /mosquitto/data//mosquitto.db.
1774116235: Saving in-memory database to /mosquitto/data//mosquitto.db.
1774118036: Saving in-memory database to /mosquitto/data//mosquitto.db.
1774119837: Saving in-memory database to /mosquitto/data//mosquitto.db.
1774152794: Saving in-memory database to /mosquitto/data//mosquitto.db.
1774154595: Saving in-memory database to /mosquitto/data//mosquitto.db.
1774156396: Saving in-memory database to /mosquitto/data//mosquitto.db.
1774158197: Saving in-memory database to /mosquitto/data//mosquitto.db.
1774159998: Saving in-memory database to /mosquitto/data//mosquitto.db.
1774161799: Saving in-memory database to /mosquitto/data//mosquitto.db.
1774164506: Saving in-memory database to /mosquitto/data//mosquitto.db.
1774166307: Saving in-memory database to /mosquitto/data//mosquitto.db.
1774168108: Saving in-memory database to /mosquitto/data//mosquitto.db.
1774169909: Saving in-memory database to /mosquitto/data//mosquitto.db.
1774171710: Saving in-memory database to /mosquitto/data//mosquitto.db.
1774173511: Saving in-memory database to /mosquitto/data//mosquitto.db.
1774175312: Saving in-memory database to /mosquitto/data//mosquitto.db.
1774177113: Saving in-memory database to /mosquitto/data//mosquitto.db.
1774178914: Saving in-memory database to /mosquitto/data//mosquitto.db.
1774180715: Saving in-memory database to /mosquitto/data//mosquitto.db.
1774182516: Saving in-memory database to /mosquitto/data//mosquitto.db.
1774184317: Saving in-memory database to /mosquitto/data//mosquitto.db.
1774186118: Saving in-memory database to /mosquitto/data//mosquitto.db.
1774187919: Saving in-memory database to /mosquitto/data//mosquitto.db.
1774189721: Saving in-memory database to /mosquitto/data//mosquitto.db.
1774191522: Saving in-memory database to /mosquitto/data//mosquitto.db.
1774193323: Saving in-memory database to /mosquitto/data//mosquitto.db.
1774195124: Saving in-memory database to /mosquitto/data//mosquitto.db.
1774196925: Saving in-memory database to /mosquitto/data//mosquitto.db.
1774198726: Saving in-memory database to /mosquitto/data//mosquitto.db.
1774837973: Saving in-memory database to /mosquitto/data//mosquitto.db.
1774837973: Client 217294f5d7eb4785bae347570fc2da7a has exceeded timeout, disconnecting.
1774837973: Client auto-7019C15C-3C22-994D-02E5-CA72AA8554C1 has exceeded timeout, disconnecting.
1774837973: Client Backend_Worker has exceeded timeout, disconnecting.
1774837974: New connection from 172.20.0.4:49241 on port 1883.
1774837974: New client connected from 172.20.0.4:49241 as auto-E5DF69CA-A53D-264A-637C-3C391723E435 (p2, c1, k60).
1774837974: New connection from 172.20.0.6:48423 on port 1883.
1774837974: New client connected from 172.20.0.6:48423 as Backend_Worker (p2, c0, k60).
1774837979: New connection from 172.20.0.3:40604 on port 1883.
1774837979: New client connected from 172.20.0.3:40604 as 217294f5d7eb4785bae347570fc2da7a (p5, c0, k60).
1774838553: Client auto-E5DF69CA-A53D-264A-637C-3C391723E435 closed its connection.
1774838553: Client Backend_Worker closed its connection.
1774838554: Client 217294f5d7eb4785bae347570fc2da7a disconnected.
1774838558: mosquitto version 2.0.22 terminating
1774838558: Saving in-memory database to /mosquitto/data//mosquitto.db.
1774838580: mosquitto version 2.0.22 starting
1774838580: Config loaded from /mosquitto/config/mosquitto.conf.
1774838580: Opening ipv4 listen socket on port 1883.
1774838580: Opening ipv6 listen socket on port 1883.
1774838580: mosquitto version 2.0.22 running
1774838598: New connection from 172.20.0.6:59123 on port 1883.
1774838598: New client connected from 172.20.0.6:59123 as Backend_Worker (p2, c0, k60).
1774838600: New connection from 172.20.0.7:45456 on port 1883.
1774838600: New client connected from 172.20.0.7:45456 as 965fb9b10e124c2eb4754406e203aac3 (p5, c1, k60).
1774838606: New connection from 172.20.0.8:60437 on port 1883.
1774838606: New client connected from 172.20.0.8:60437 as auto-28E57F55-A1DB-7E4A-7A09-47D71FEC2B07 (p2, c1, k60).
1774840381: Saving in-memory database to /mosquitto/data//mosquitto.db.
1774843110: Saving in-memory database to /mosquitto/data//mosquitto.db.
1774844911: Saving in-memory database to /mosquitto/data//mosquitto.db.
1774846712: Saving in-memory database to /mosquitto/data//mosquitto.db.
1774848711: Saving in-memory database to /mosquitto/data//mosquitto.db.
1774851501: Saving in-memory database to /mosquitto/data//mosquitto.db.
1774853302: Saving in-memory database to /mosquitto/data//mosquitto.db.
1774855103: Saving in-memory database to /mosquitto/data//mosquitto.db.
1774857159: Saving in-memory database to /mosquitto/data//mosquitto.db.
1774858960: Saving in-memory database to /mosquitto/data//mosquitto.db.
1774861132: Saving in-memory database to /mosquitto/data//mosquitto.db.
1774865904: Saving in-memory database to /mosquitto/data//mosquitto.db.
1774922265: Saving in-memory database to /mosquitto/data//mosquitto.db.
1774924136: Saving in-memory database to /mosquitto/data//mosquitto.db.
1774925937: Saving in-memory database to /mosquitto/data//mosquitto.db.
1774927738: Saving in-memory database to /mosquitto/data//mosquitto.db.
1774929539: Saving in-memory database to /mosquitto/data//mosquitto.db.
1774931340: Saving in-memory database to /mosquitto/data//mosquitto.db.
1774933141: Saving in-memory database to /mosquitto/data//mosquitto.db.
1774935945: Saving in-memory database to /mosquitto/data//mosquitto.db.
1774937746: Saving in-memory database to /mosquitto/data//mosquitto.db.
1774939547: Saving in-memory database to /mosquitto/data//mosquitto.db.
1774942264: Saving in-memory database to /mosquitto/data//mosquitto.db.
1774944065: Saving in-memory database to /mosquitto/data//mosquitto.db.
1774946070: Saving in-memory database to /mosquitto/data//mosquitto.db.
1774948777: Saving in-memory database to /mosquitto/data//mosquitto.db.
1774956869: Saving in-memory database to /mosquitto/data//mosquitto.db.
1774958670: Saving in-memory database to /mosquitto/data//mosquitto.db.
1774960471: Saving in-memory database to /mosquitto/data//mosquitto.db.
1774962272: Saving in-memory database to /mosquitto/data//mosquitto.db.
1774964074: Saving in-memory database to /mosquitto/data//mosquitto.db.
1774965875: Saving in-memory database to /mosquitto/data//mosquitto.db.
1774967939: Saving in-memory database to /mosquitto/data//mosquitto.db.
1774969740: Saving in-memory database to /mosquitto/data//mosquitto.db.
1774971541: Saving in-memory database to /mosquitto/data//mosquitto.db.
1774973342: Saving in-memory database to /mosquitto/data//mosquitto.db.
1774975143: Saving in-memory database to /mosquitto/data//mosquitto.db.
1774976944: Saving in-memory database to /mosquitto/data//mosquitto.db.
1774978745: Saving in-memory database to /mosquitto/data//mosquitto.db.
1775005841: Saving in-memory database to /mosquitto/data//mosquitto.db.
1775007642: Saving in-memory database to /mosquitto/data//mosquitto.db.
1775009443: Saving in-memory database to /mosquitto/data//mosquitto.db.
1775013042: Saving in-memory database to /mosquitto/data//mosquitto.db.
1775016906: Saving in-memory database to /mosquitto/data//mosquitto.db.
1775018707: Saving in-memory database to /mosquitto/data//mosquitto.db.
1775020508: Saving in-memory database to /mosquitto/data//mosquitto.db.
1775046750: Saving in-memory database to /mosquitto/data//mosquitto.db.
1775048551: Saving in-memory database to /mosquitto/data//mosquitto.db.
1775050352: Saving in-memory database to /mosquitto/data//mosquitto.db.
1775052153: Saving in-memory database to /mosquitto/data//mosquitto.db.
1775053954: Saving in-memory database to /mosquitto/data//mosquitto.db.
1775055755: Saving in-memory database to /mosquitto/data//mosquitto.db.
1775057556: Saving in-memory database to /mosquitto/data//mosquitto.db.
1775059357: Saving in-memory database to /mosquitto/data//mosquitto.db.
1775108570: Saving in-memory database to /mosquitto/data//mosquitto.db.
1775110371: Saving in-memory database to /mosquitto/data//mosquitto.db.
1775113052: Saving in-memory database to /mosquitto/data//mosquitto.db.
1775115162: Saving in-memory database to /mosquitto/data//mosquitto.db.
1775117862: Saving in-memory database to /mosquitto/data//mosquitto.db.
1775120138: Saving in-memory database to /mosquitto/data//mosquitto.db.
1775121939: Saving in-memory database to /mosquitto/data//mosquitto.db.
1775123740: Saving in-memory database to /mosquitto/data//mosquitto.db.
1775140923: Saving in-memory database to /mosquitto/data//mosquitto.db.
1775142724: Saving in-memory database to /mosquitto/data//mosquitto.db.
1775144525: Saving in-memory database to /mosquitto/data//mosquitto.db.
1775146326: Saving in-memory database to /mosquitto/data//mosquitto.db.
1775148127: Saving in-memory database to /mosquitto/data//mosquitto.db.
1775149928: Saving in-memory database to /mosquitto/data//mosquitto.db.
1775205673: Saving in-memory database to /mosquitto/data//mosquitto.db.
1775212320: Saving in-memory database to /mosquitto/data//mosquitto.db.
1775214121: Saving in-memory database to /mosquitto/data//mosquitto.db.
1775223949: Saving in-memory database to /mosquitto/data//mosquitto.db.
1775225750: Saving in-memory database to /mosquitto/data//mosquitto.db.
1775284959: Saving in-memory database to /mosquitto/data//mosquitto.db.
1775304264: Saving in-memory database to /mosquitto/data//mosquitto.db.
1775306065: Saving in-memory database to /mosquitto/data//mosquitto.db.
1775307866: Saving in-memory database to /mosquitto/data//mosquitto.db.
1775309667: Saving in-memory database to /mosquitto/data//mosquitto.db.
1775311524: Saving in-memory database to /mosquitto/data//mosquitto.db.
1775313325: Saving in-memory database to /mosquitto/data//mosquitto.db.
1775315126: Saving in-memory database to /mosquitto/data//mosquitto.db.
1775316927: Saving in-memory database to /mosquitto/data//mosquitto.db.
1775318728: Saving in-memory database to /mosquitto/data//mosquitto.db.
1775320529: Saving in-memory database to /mosquitto/data//mosquitto.db.
1775380335: Saving in-memory database to /mosquitto/data//mosquitto.db.
1775551762: Saving in-memory database to /mosquitto/data//mosquitto.db.
1775553563: Saving in-memory database to /mosquitto/data//mosquitto.db.
1775555364: Saving in-memory database to /mosquitto/data//mosquitto.db.
1775557165: Saving in-memory database to /mosquitto/data//mosquitto.db.
1775559432: Saving in-memory database to /mosquitto/data//mosquitto.db.
1775564700: Saving in-memory database to /mosquitto/data//mosquitto.db.
1775566501: Saving in-memory database to /mosquitto/data//mosquitto.db.
1775569337: Saving in-memory database to /mosquitto/data//mosquitto.db.
1775571372: Saving in-memory database to /mosquitto/data//mosquitto.db.
1775573173: Saving in-memory database to /mosquitto/data//mosquitto.db.
1775599225: Saving in-memory database to /mosquitto/data//mosquitto.db.
1775601026: Saving in-memory database to /mosquitto/data//mosquitto.db.
1775633030: Saving in-memory database to /mosquitto/data//mosquitto.db.
1775635157: Saving in-memory database to /mosquitto/data//mosquitto.db.
1775637025: Saving in-memory database to /mosquitto/data//mosquitto.db.
1775638826: Saving in-memory database to /mosquitto/data//mosquitto.db.
1775714532: Saving in-memory database to /mosquitto/data//mosquitto.db.
1775724267: Saving in-memory database to /mosquitto/data//mosquitto.db.
1775726506: Saving in-memory database to /mosquitto/data//mosquitto.db.
1775728307: Saving in-memory database to /mosquitto/data//mosquitto.db.
1775740639: Saving in-memory database to /mosquitto/data//mosquitto.db.
1775747010: Saving in-memory database to /mosquitto/data//mosquitto.db.
1775750189: Saving in-memory database to /mosquitto/data//mosquitto.db.
1775753571: Saving in-memory database to /mosquitto/data//mosquitto.db.
1775855840: Saving in-memory database to /mosquitto/data//mosquitto.db.
1775932053: Saving in-memory database to /mosquitto/data//mosquitto.db.
1775933988: Saving in-memory database to /mosquitto/data//mosquitto.db.
1776013928: Saving in-memory database to /mosquitto/data//mosquitto.db.
1776036602: Saving in-memory database to /mosquitto/data//mosquitto.db.
1776038403: Saving in-memory database to /mosquitto/data//mosquitto.db.
1776040204: Saving in-memory database to /mosquitto/data//mosquitto.db.
1776042005: Saving in-memory database to /mosquitto/data//mosquitto.db.
1776044704: Saving in-memory database to /mosquitto/data//mosquitto.db.
1776046505: Saving in-memory database to /mosquitto/data//mosquitto.db.
1776048306: Saving in-memory database to /mosquitto/data//mosquitto.db.
1776050107: Saving in-memory database to /mosquitto/data//mosquitto.db.
1776051908: Saving in-memory database to /mosquitto/data//mosquitto.db.
1776053709: Saving in-memory database to /mosquitto/data//mosquitto.db.
1776055510: Saving in-memory database to /mosquitto/data//mosquitto.db.
1776057311: Saving in-memory database to /mosquitto/data//mosquitto.db.
1776059112: Saving in-memory database to /mosquitto/data//mosquitto.db.
1776060913: Saving in-memory database to /mosquitto/data//mosquitto.db.
1776063693: Saving in-memory database to /mosquitto/data//mosquitto.db.
1776065494: Saving in-memory database to /mosquitto/data//mosquitto.db.
1776067295: Saving in-memory database to /mosquitto/data//mosquitto.db.
1776069096: Saving in-memory database to /mosquitto/data//mosquitto.db.
1776070897: Saving in-memory database to /mosquitto/data//mosquitto.db.
1776072698: Saving in-memory database to /mosquitto/data//mosquitto.db.
1776074499: Saving in-memory database to /mosquitto/data//mosquitto.db.
1776077319: Saving in-memory database to /mosquitto/data//mosquitto.db.
1776079120: Saving in-memory database to /mosquitto/data//mosquitto.db.
1776080921: Saving in-memory database to /mosquitto/data//mosquitto.db.
1776083668: Saving in-memory database to /mosquitto/data//mosquitto.db.
1776085469: Saving in-memory database to /mosquitto/data//mosquitto.db.
1776087270: Saving in-memory database to /mosquitto/data//mosquitto.db.
1776089071: Saving in-memory database to /mosquitto/data//mosquitto.db.
1776090872: Saving in-memory database to /mosquitto/data//mosquitto.db.
1776092748: Saving in-memory database to /mosquitto/data//mosquitto.db.
